// Jest Snapshot v1, https://goo.gl/fbAQLP

exports[`CartItem component match the snapshot 1`] = `
<DocumentFragment>
  <div
    class="sc-bcXHqe iKoQBP"
  >
    <img
      alt="hat1"
      src="https://i.ibb.co/ZYW3VTp/brown-brim.png"
    />
    <div
      class="sc-gswNZR jfphLL"
    >
      <span
        class="sc-dkrFOg DJYRI name"
      >
        hat1
      </span>
      <span
        class="sc-dkrFOg DJYRI price"
      >
        1 X $10
      </span>
    </div>
  </div>
</DocumentFragment>
`;
