// Jest Snapshot v1, https://goo.gl/fbAQLP

exports[`FormInput component match the snapshot 1`] = `
<DocumentFragment>
  <div
    class="sc-bcXHqe fKGfpR"
  >
    <input
      class="sc-dkrFOg FwHat"
    />
    <label
      class="sc-gswNZR kTULmD"
    >
      name
    </label>
  </div>
</DocumentFragment>
`;
