// Jest Snapshot v1, https://goo.gl/fbAQLP

exports[`Button component match the snapshot 1`] = `
<DocumentFragment>
  <button
    class="sc-dkrFOg sc-eDvSVe bAenDU iJPJvM"
  >
    Test
  </button>
</DocumentFragment>
`;
