// Jest Snapshot v1, https://goo.gl/fbAQLP

exports[`changes the class when hovered 1`] = `
<button
  className="sc-dkrFOg sc-eDvSVe bAenDU iJPJvM"
>
  Test
</button>
`;
