// Jest Snapshot v1, https://goo.gl/fbAQLP

exports[`CartIcon component match the snapshot 1`] = `
<DocumentFragment>
  <div
    class="sc-bcXHqe cEpYCO"
  >
    <svg
      class="sc-gswNZR koGgNc"
    >
      shopping-bag.svg
    </svg>
    <span
      class="sc-dkrFOg bYvUgQ"
    >
      0
    </span>
  </div>
</DocumentFragment>
`;
