// Jest Snapshot v1, https://goo.gl/fbAQLP

exports[`CartIcon component match the snapshot 1`] = `
<DocumentFragment>
  <div
    class="sc-kDvujY kTArki"
  >
    <h2>
      <a
        class="sc-ipEyDJ iYkyZT"
        href="/hat"
      >
        HAT
      </a>
    </h2>
    <div
      class="sc-csuSiG dhtnGY"
    />
  </div>
</DocumentFragment>
`;

exports[`CategoryPreview component match the snapshot 1`] = `
<DocumentFragment>
  <div
    class="sc-kDvujY kTArki"
  >
    <h2>
      <a
        class="sc-ipEyDJ iYkyZT"
        href="/hat"
      >
        HAT
      </a>
    </h2>
    <div
      class="sc-csuSiG dhtnGY"
    />
  </div>
</DocumentFragment>
`;
